TAP version 13
# inspection-contract.test: ok
# Subtest: test module initialization completed
ok 1 - test module initialization completed
  ---
  duration_ms: 0.967869
  type: 'test'
  ...
1..1
# tests 1
# suites 0
# pass 1
# fail 0
# cancelled 0
# skipped 0
# todo 0
# duration_ms 106.011116
[node-tests] ok: tests/client/inspection-contract.test.js
TAP version 13
# conversation.test: ok
# Subtest: test module initialization completed
ok 1 - test module initialization completed
  ---
  duration_ms: 0.956989
  type: 'test'
  ...
1..1
# tests 1
# suites 0
# pass 1
# fail 0
# cancelled 0
# skipped 0
# todo 0
# duration_ms 99.238276
[node-tests] ok: tests/demo/conversation.test.js
TAP version 13
# demo-models.test: ok
# Subtest: test module initialization completed
ok 1 - test module initialization completed
  ---
  duration_ms: 1.056085
  type: 'test'
  ...
1..1
# tests 1
# suites 0
# pass 1
# fail 0
# cancelled 0
# skipped 0
# todo 0
# duration_ms 257.481107
[node-tests] ok: tests/demo/demo-models.test.js
TAP version 13
# demo-ui-controls.test: ok
# Subtest: test module initialization completed
ok 1 - test module initialization completed
  ---
  duration_ms: 0.883331
  type: 'test'
  ...
1..1
# tests 1
# suites 0
# pass 1
# fail 0
# cancelled 0
# skipped 0
# todo 0
# duration_ms 87.521765
[node-tests] ok: tests/demo/demo-ui-controls.test.js
TAP version 13
# input.test: ok
# Subtest: test module initialization completed
ok 1 - test module initialization completed
  ---
  duration_ms: 0.878521
  type: 'test'
  ...
1..1
# tests 1
# suites 0
# pass 1
# fail 0
# cancelled 0
# skipped 0
# todo 0
# duration_ms 88.164613
[node-tests] ok: tests/demo/input.test.js
TAP version 13
# report.test: ok
# Subtest: test module initialization completed
ok 1 - test module initialization completed
  ---
  duration_ms: 0.858383
  type: 'test'
  ...
1..1
# tests 1
# suites 0
# pass 1
# fail 0
# cancelled 0
# skipped 0
# todo 0
# duration_ms 90.536531
[node-tests] ok: tests/demo/report.test.js
TAP version 13
# xray-runtime-notice.test: ok
# Subtest: test module initialization completed
ok 1 - test module initialization completed
  ---
  duration_ms: 0.874464
  type: 'test'
  ...
1..1
# tests 1
# suites 0
# pass 1
# fail 0
# cancelled 0
# skipped 0
# todo 0
# duration_ms 104.937089
[node-tests] ok: tests/demo/xray-runtime-notice.test.js
TAP version 13
#   ok: generateTokenIds diagnostics
# [219.7ms][Perf] TTFT: 0ms | Prefill: 0ms | Decode: 0ms (2 tokens @ 35691.3 tok/s)
#   ok: EOS stop parity
# [220.4ms][Perf] TTFT: 0ms | Prefill: 0ms | Decode: 0ms (0 tokens @ 0.0 tok/s)
#   ok: immediate EOS first-token parity
# [221.6ms][Perf] TTFT: 0ms | Prefill: 0ms | Decode: 0ms (4 tokens @ 51061.4 tok/s)
#   ok: maxTokens cap parity
# [222.8ms][Perf] TTFT: 0ms | Prefill: 0ms | Decode: 0ms (3 tokens @ 18287.3 tok/s)
#   ok: abort signal parity
# [223.6ms][Perf] TTFT: 0ms | Prefill: 0ms | Decode: 0ms (2 tokens @ 56519.5 tok/s)
#   ok: stop sequence parity
#   ok: stats fields
#   ok: self-speculation burst honors configured tokens
#   ok: cleanup on success and throw
#   ok: double-generation guard
# generate-token-ids-behavioral-parity.test: ok
# Subtest: test module initialization completed
ok 1 - test module initialization completed
  ---
  duration_ms: 0.898128
  type: 'test'
  ...
1..1
# tests 1
# suites 0
# pass 1
# fail 0
# cancelled 0
# skipped 0
# todo 0
# duration_ms 263.842668
[node-tests] ok: tests/inference/generate-token-ids-behavioral-parity.test.js
TAP version 13
# demo-surface-contract.test: ok
# Subtest: test module initialization completed
ok 1 - test module initialization completed
  ---
  duration_ms: 0.881507
  type: 'test'
  ...
1..1
# tests 1
# suites 0
# pass 1
# fail 0
# cancelled 0
# skipped 0
# todo 0
# duration_ms 96.522293
[node-tests] ok: tests/integration/demo-surface-contract.test.js
TAP version 13
# doppler-generation-evidence.test: ok
# doppler-generation-evidence constraints: ok
# doppler-generation-evidence inspection streaming: ok
# Subtest: test module initialization completed
ok 1 - test module initialization completed
  ---
  duration_ms: 0.912745
  type: 'test'
  ...
1..1
# tests 1
# suites 0
# pass 1
# fail 0
# cancelled 0
# skipped 0
# todo 0
# duration_ms 208.213257
[node-tests] ok: tests/integration/doppler-generation-evidence.test.js
[node-tests] ok: 10 files
