TAP version 13
# inspection-contract.test: ok
# Subtest: test module initialization completed
ok 1 - test module initialization completed
  ---
  duration_ms: 1.464496
  type: 'test'
  ...
1..1
# tests 1
# suites 0
# pass 1
# fail 0
# cancelled 0
# skipped 0
# todo 0
# duration_ms 140.210216
[node-tests] ok: tests/client/inspection-contract.test.js
TAP version 13
# conversation.test: ok
# Subtest: test module initialization completed
ok 1 - test module initialization completed
  ---
  duration_ms: 1.324613
  type: 'test'
  ...
1..1
# tests 1
# suites 0
# pass 1
# fail 0
# cancelled 0
# skipped 0
# todo 0
# duration_ms 122.312241
[node-tests] ok: tests/demo/conversation.test.js
TAP version 13
# demo-models.test: ok
# Subtest: test module initialization completed
ok 1 - test module initialization completed
  ---
  duration_ms: 1.050166
  type: 'test'
  ...
1..1
# tests 1
# suites 0
# pass 1
# fail 0
# cancelled 0
# skipped 0
# todo 0
# duration_ms 343.492649
[node-tests] ok: tests/demo/demo-models.test.js
TAP version 13
# demo-ui-controls.test: ok
# Subtest: test module initialization completed
ok 1 - test module initialization completed
  ---
  duration_ms: 0.896427
  type: 'test'
  ...
1..1
# tests 1
# suites 0
# pass 1
# fail 0
# cancelled 0
# skipped 0
# todo 0
# duration_ms 111.333258
[node-tests] ok: tests/demo/demo-ui-controls.test.js
TAP version 13
# input.test: ok
# Subtest: test module initialization completed
ok 1 - test module initialization completed
  ---
  duration_ms: 0.866201
  type: 'test'
  ...
1..1
# tests 1
# suites 0
# pass 1
# fail 0
# cancelled 0
# skipped 0
# todo 0
# duration_ms 89.527157
[node-tests] ok: tests/demo/input.test.js
TAP version 13
# report.test: ok
# Subtest: test module initialization completed
ok 1 - test module initialization completed
  ---
  duration_ms: 0.85018
  type: 'test'
  ...
1..1
# tests 1
# suites 0
# pass 1
# fail 0
# cancelled 0
# skipped 0
# todo 0
# duration_ms 95.13447
[node-tests] ok: tests/demo/report.test.js
TAP version 13
# xray-runtime-notice.test: ok
# Subtest: test module initialization completed
ok 1 - test module initialization completed
  ---
  duration_ms: 1.2593
  type: 'test'
  ...
1..1
# tests 1
# suites 0
# pass 1
# fail 0
# cancelled 0
# skipped 0
# todo 0
# duration_ms 117.194299
[node-tests] ok: tests/demo/xray-runtime-notice.test.js
TAP version 13
#   ok: generateTokenIds diagnostics
# [207.8ms][Perf] TTFT: 0ms | Prefill: 0ms | Decode: 0ms (2 tokens @ 28052.9 tok/s)
#   ok: EOS stop parity
# [208.6ms][Perf] TTFT: 0ms | Prefill: 0ms | Decode: 0ms (0 tokens @ 0.0 tok/s)
#   ok: immediate EOS first-token parity
# [209.8ms][Perf] TTFT: 0ms | Prefill: 0ms | Decode: 0ms (4 tokens @ 54736.8 tok/s)
#   ok: maxTokens cap parity
# [211.0ms][Perf] TTFT: 0ms | Prefill: 0ms | Decode: 0ms (3 tokens @ 16558.9 tok/s)
#   ok: abort signal parity
# [211.8ms][Perf] TTFT: 0ms | Prefill: 0ms | Decode: 0ms (2 tokens @ 52449.4 tok/s)
#   ok: stop sequence parity
#   ok: stats fields
#   ok: self-speculation burst honors configured tokens
#   ok: cleanup on success and throw
#   ok: double-generation guard
# generate-token-ids-behavioral-parity.test: ok
# Subtest: test module initialization completed
ok 1 - test module initialization completed
  ---
  duration_ms: 0.81307
  type: 'test'
  ...
1..1
# tests 1
# suites 0
# pass 1
# fail 0
# cancelled 0
# skipped 0
# todo 0
# duration_ms 251.680793
[node-tests] ok: tests/inference/generate-token-ids-behavioral-parity.test.js
TAP version 13
# demo-surface-contract.test: ok
# Subtest: test module initialization completed
ok 1 - test module initialization completed
  ---
  duration_ms: 0.882551
  type: 'test'
  ...
1..1
# tests 1
# suites 0
# pass 1
# fail 0
# cancelled 0
# skipped 0
# todo 0
# duration_ms 89.874381
[node-tests] ok: tests/integration/demo-surface-contract.test.js
TAP version 13
# doppler-generation-evidence.test: ok
# doppler-generation-evidence constraints: ok
# doppler-generation-evidence inspection streaming: ok
# Subtest: test module initialization completed
ok 1 - test module initialization completed
  ---
  duration_ms: 0.870699
  type: 'test'
  ...
1..1
# tests 1
# suites 0
# pass 1
# fail 0
# cancelled 0
# skipped 0
# todo 0
# duration_ms 208.813393
[node-tests] ok: tests/integration/doppler-generation-evidence.test.js
[node-tests] ok: 10 files
