TAP version 13
# Subtest: layout identity uses descriptors, including WebGPU defaults, and ordered layout objects
not ok 1 - layout identity uses descriptors, including WebGPU defaults, and ordered layout objects
  ---
  duration_ms: 3.733383
  type: 'test'
  location: '/home/x/deco/worktrees/doppler-runtime-contract-coherence/tests/gpu/pipeline-cache-identity.test.js:37:1'
  failureType: 'testCodeFailure'
  error: |-
    Expected "actual" not to be reference-equal to "expected":

    {
      entries: [
        {
          binding: 0,
          buffer: {},
          visibility: 4
        }
      ],
      label: 'shared'
    }

  code: 'ERR_ASSERTION'
  name: 'AssertionError'
  expected:
    label: 'shared'
    entries:
      0:
        binding: 0
        visibility: 4
        buffer:
  actual:
    label: 'shared'
    entries:
      0:
        binding: 0
        visibility: 4
        buffer:
  operator: 'notStrictEqual'
  stack: |-
    TestContext.<anonymous> (file:///home/x/deco/worktrees/doppler-runtime-contract-coherence/tests/gpu/pipeline-cache-identity.test.js:41:10)
    Test.runInAsyncScope (node:async_hooks:214:14)
    Test.run (node:internal/test_runner/test:1047:25)
    Test.start (node:internal/test_runner/test:944:17)
    startSubtestAfterBootstrap (node:internal/test_runner/harness:296:17)
  ...
# Subtest: compute cache distinguishes actual layouts and shader bytes
not ok 2 - compute cache distinguishes actual layouts and shader bytes
  ---
  duration_ms: 1.599399
  type: 'test'
  location: '/home/x/deco/worktrees/doppler-runtime-contract-coherence/tests/gpu/pipeline-cache-identity.test.js:51:1'
  failureType: 'testCodeFailure'
  error: |-
    Expected "actual" not to be reference-equal to "expected":

    {
      compute: {
        constants: undefined,
        entryPoint: 'main',
        module: {
          code: 'source A',
          label: 'scale_default'
        }
      },
      label: 'scale_default_pipeline',
      layout: {
        bindGroupLayouts: [
          {
            entries: [
              {
                binding: 0,
                buffer: {},
                visibility: 4
              }
            ],
            label: 'shared'
          }
        ],
        label: 'shared'
      }
    }

  code: 'ERR_ASSERTION'
  name: 'AssertionError'
  expected:
    label: 'scale_default_pipeline'
    layout:
      label: 'shared'
      bindGroupLayouts:
        0:
          label: 'shared'
          entries:
            0:
              binding: 0
              visibility: 4
              buffer:
    compute:
      module:
        label: 'scale_default'
        code: 'source A'
      entryPoint: 'main'
  actual:
    label: 'scale_default_pipeline'
    layout:
      label: 'shared'
      bindGroupLayouts:
        0:
          label: 'shared'
          entries:
            0:
              binding: 0
              visibility: 4
              buffer:
    compute:
      module:
        label: 'scale_default'
        code: 'source A'
      entryPoint: 'main'
  operator: 'notStrictEqual'
  stack: |-
    TestContext.<anonymous> (file:///home/x/deco/worktrees/doppler-runtime-contract-coherence/tests/gpu/pipeline-cache-identity.test.js:56:10)
    async Test.run (node:internal/test_runner/test:1054:7)
    async Test.processPendingSubtests (node:internal/test_runner/test:744:7)
  ...
# [126.3ms][GPU] Device lost: injected loss, Reason: unknown
# Subtest: concurrent compilation is shared, failures retry, and sync lookup never returns a promise
not ok 3 - concurrent compilation is shared, failures retry, and sync lookup never returns a promise
  ---
  duration_ms: 5.541685
  type: 'test'
  location: '/home/x/deco/worktrees/doppler-runtime-contract-coherence/tests/gpu/pipeline-cache-identity.test.js:64:1'
  failureType: 'testCodeFailure'
  error: |-
    Expected values to be strictly equal:

    2 !== 1

  code: 'ERR_ASSERTION'
  name: 'AssertionError'
  expected: 1
  actual: 2
  operator: 'strictEqual'
  stack: |-
    TestContext.<anonymous> (file:///home/x/deco/worktrees/doppler-runtime-contract-coherence/tests/gpu/pipeline-cache-identity.test.js:78:10)
    async Test.run (node:internal/test_runner/test:1054:7)
    async Test.processPendingSubtests (node:internal/test_runner/test:744:7)
  ...
# Subtest: device loss during compilation rejects the result and cannot populate the cache
not ok 4 - device loss during compilation rejects the result and cannot populate the cache
  ---
  duration_ms: 3.069004
  type: 'test'
  location: '/home/x/deco/worktrees/doppler-runtime-contract-coherence/tests/gpu/pipeline-cache-identity.test.js:85:1'
  failureType: 'testCodeFailure'
  error: 'Missing expected rejection.'
  code: 'ERR_ASSERTION'
  name: 'AssertionError'
  expected:
  operator: 'rejects'
  stack: |-
    async TestContext.<anonymous> (file:///home/x/deco/worktrees/doppler-runtime-contract-coherence/tests/gpu/pipeline-cache-identity.test.js:94:3)
    async Test.run (node:internal/test_runner/test:1054:7)
    async Test.processPendingSubtests (node:internal/test_runner/test:744:7)
  ...
# Subtest: abort during compilation rejects without submitting or destroying borrowed buffers
not ok 5 - abort during compilation rejects without submitting or destroying borrowed buffers
  ---
  duration_ms: 10.254921
  type: 'test'
  location: '/home/x/deco/worktrees/doppler-runtime-contract-coherence/tests/runtime/command-executor-cancellation.test.js:36:1'
  failureType: 'testCodeFailure'
  error: 'Missing expected rejection.'
  code: 'ERR_ASSERTION'
  name: 'AssertionError'
  stack: |-
    async TestContext.<anonymous> (file:///home/x/deco/worktrees/doppler-runtime-contract-coherence/tests/runtime/command-executor-cancellation.test.js:40:3)
    async Test.run (node:internal/test_runner/test:1054:7)
    async startSubtestAfterBootstrap (node:internal/test_runner/harness:296:3)
  ...
# Subtest: abort during binding preparation cannot submit
not ok 6 - abort during binding preparation cannot submit
  ---
  duration_ms: 0.487367
  type: 'test'
  location: '/home/x/deco/worktrees/doppler-runtime-contract-coherence/tests/runtime/command-executor-cancellation.test.js:44:1'
  failureType: 'testCodeFailure'
  error: 'Missing expected rejection.'
  code: 'ERR_ASSERTION'
  name: 'AssertionError'
  stack: |-
    async TestContext.<anonymous> (file:///home/x/deco/worktrees/doppler-runtime-contract-coherence/tests/runtime/command-executor-cancellation.test.js:48:3)
    async Test.run (node:internal/test_runner/test:1054:7)
    async Test.processPendingSubtests (node:internal/test_runner/test:744:7)
  ...
# Subtest: device loss during compilation cannot submit
not ok 7 - device loss during compilation cannot submit
  ---
  duration_ms: 0.719494
  type: 'test'
  location: '/home/x/deco/worktrees/doppler-runtime-contract-coherence/tests/runtime/command-executor-cancellation.test.js:52:1'
  failureType: 'testCodeFailure'
  error: 'Missing expected rejection.'
  code: 'ERR_ASSERTION'
  name: 'AssertionError'
  stack: |-
    async TestContext.<anonymous> (file:///home/x/deco/worktrees/doppler-runtime-contract-coherence/tests/runtime/command-executor-cancellation.test.js:55:3)
    async Test.run (node:internal/test_runner/test:1054:7)
    async Test.processPendingSubtests (node:internal/test_runner/test:744:7)
  ...
# Subtest: post-submission cancellation reports submitted work rather than successful completion
not ok 8 - post-submission cancellation reports submitted work rather than successful completion
  ---
  duration_ms: 6.271969
  type: 'test'
  location: '/home/x/deco/worktrees/doppler-runtime-contract-coherence/tests/runtime/command-executor-cancellation.test.js:59:1'
  failureType: 'testCodeFailure'
  error: 'Missing expected rejection.'
  code: 'ERR_ASSERTION'
  name: 'AssertionError'
  stack: |-
    async TestContext.<anonymous> (file:///home/x/deco/worktrees/doppler-runtime-contract-coherence/tests/runtime/command-executor-cancellation.test.js:65:3)
    async Test.run (node:internal/test_runner/test:1054:7)
    async Test.processPendingSubtests (node:internal/test_runner/test:744:7)
  ...
# Subtest: successful dispatch distinguishes submission from observed completion
not ok 9 - successful dispatch distinguishes submission from observed completion
  ---
  duration_ms: 1.199126
  type: 'test'
  location: '/home/x/deco/worktrees/doppler-runtime-contract-coherence/tests/runtime/command-executor-cancellation.test.js:69:1'
  failureType: 'testCodeFailure'
  error: |-
    Expected values to be strictly equal:
    + actual - expected

    + undefined
    - 'submitted'

  code: 'ERR_ASSERTION'
  name: 'AssertionError'
  expected: 'submitted'
  operator: 'strictEqual'
  stack: |-
    TestContext.<anonymous> (file:///home/x/deco/worktrees/doppler-runtime-contract-coherence/tests/runtime/command-executor-cancellation.test.js:71:10)
    async Test.run (node:internal/test_runner/test:1054:7)
    async Test.processPendingSubtests (node:internal/test_runner/test:744:7)
  ...
# Subtest: failed compilation can be retried
not ok 10 - failed compilation can be retried
  ---
  duration_ms: 0.782743
  type: 'test'
  location: '/home/x/deco/worktrees/doppler-runtime-contract-coherence/tests/runtime/command-executor-cancellation.test.js:76:1'
  failureType: 'testCodeFailure'
  error: 'injected compile failure'
  code: 'ERR_TEST_FAILURE'
  stack: |-
    TestContext.<anonymous> (file:///home/x/deco/worktrees/doppler-runtime-contract-coherence/tests/runtime/command-executor-cancellation.test.js:77:45)
    Test.runInAsyncScope (node:async_hooks:214:14)
    Test.run (node:internal/test_runner/test:1047:25)
    Test.processPendingSubtests (node:internal/test_runner/test:744:18)
    Test.postRun (node:internal/test_runner/test:1173:19)
    Test.run (node:internal/test_runner/test:1101:12)
    async Test.processPendingSubtests (node:internal/test_runner/test:744:7)
  ...
1..10
# tests 10
# suites 0
# pass 0
# fail 10
# cancelled 0
# skipped 0
# todo 0
# duration_ms 168.666942
