TAP version 13
# pipeline-cache-hot-path.test: ok
# Subtest: test module initialization completed
ok 1 - test module initialization completed
  ---
  duration_ms: 1.395236
  type: 'test'
  ...
1..1
# tests 1
# suites 0
# pass 1
# fail 0
# cancelled 0
# skipped 0
# todo 0
# duration_ms 164.324857
[node-tests] ok: tests/gpu/pipeline-cache-hot-path.test.js
TAP version 13
# Subtest: layout identity uses descriptors, including WebGPU defaults, and ordered layout objects
ok 1 - layout identity uses descriptors, including WebGPU defaults, and ordered layout objects
  ---
  duration_ms: 9.089171
  type: 'test'
  ...
# Subtest: compute cache distinguishes actual layouts and shader bytes
ok 2 - compute cache distinguishes actual layouts and shader bytes
  ---
  duration_ms: 1.847158
  type: 'test'
  ...
# [127.3ms][GPU] Device lost: injected loss, Reason: unknown
# Subtest: concurrent compilation is shared, failures retry, and sync lookup never returns a promise
ok 3 - concurrent compilation is shared, failures retry, and sync lookup never returns a promise
  ---
  duration_ms: 3.118601
  type: 'test'
  ...
# Subtest: device loss during compilation rejects the result and cannot populate the cache
ok 4 - device loss during compilation rejects the result and cannot populate the cache
  ---
  duration_ms: 2.708178
  type: 'test'
  ...
# Subtest: device replacement while shader diagnostics are pending cannot compile a pipeline
ok 5 - device replacement while shader diagnostics are pending cannot compile a pipeline
  ---
  duration_ms: 0.981768
  type: 'test'
  ...
# Subtest: clearing caches during compilation prevents late cache publication
ok 6 - clearing caches during compilation prevents late cache publication
  ---
  duration_ms: 0.645826
  type: 'test'
  ...
# Subtest: test module initialization completed
ok 7 - test module initialization completed
  ---
  duration_ms: 0.054032
  type: 'test'
  ...
1..7
# tests 7
# suites 0
# pass 7
# fail 0
# cancelled 0
# skipped 0
# todo 0
# duration_ms 170.422897
[node-tests] ok: tests/gpu/pipeline-cache-identity.test.js
TAP version 13
# shader-source-scope.test: ok (contract doubles, not GPU execution)
# Subtest: test module initialization completed
ok 1 - test module initialization completed
  ---
  duration_ms: 1.230387
  type: 'test'
  ...
1..1
# tests 1
# suites 0
# pass 1
# fail 0
# cancelled 0
# skipped 0
# todo 0
# duration_ms 133.049348
[node-tests] ok: tests/gpu/shader-source-scope.test.js
TAP version 13
# ✔ capsule-operation.test.js passed (injected program; contract evidence only)
# Subtest: test module initialization completed
ok 1 - test module initialization completed
  ---
  duration_ms: 0.75964
  type: 'test'
  ...
1..1
# tests 1
# suites 0
# pass 1
# fail 0
# cancelled 0
# skipped 0
# todo 0
# duration_ms 270.140285
[node-tests] ok: tests/runtime/capsule-operation.test.js
TAP version 13
# Subtest: abort during compilation rejects without submitting or destroying borrowed buffers
ok 1 - abort during compilation rejects without submitting or destroying borrowed buffers
  ---
  duration_ms: 6.475621
  type: 'test'
  ...
# Subtest: abort during binding preparation cannot submit
ok 2 - abort during binding preparation cannot submit
  ---
  duration_ms: 0.606873
  type: 'test'
  ...
# Subtest: device loss during compilation cannot submit
ok 3 - device loss during compilation cannot submit
  ---
  duration_ms: 0.299393
  type: 'test'
  ...
# Subtest: post-submission cancellation reports submitted work rather than successful completion
ok 4 - post-submission cancellation reports submitted work rather than successful completion
  ---
  duration_ms: 3.488367
  type: 'test'
  ...
# Subtest: successful dispatch distinguishes submission from observed completion
ok 5 - successful dispatch distinguishes submission from observed completion
  ---
  duration_ms: 0.466017
  type: 'test'
  ...
# Subtest: failed compilation can be retried
ok 6 - failed compilation can be retried
  ---
  duration_ms: 0.598136
  type: 'test'
  ...
# Subtest: test module initialization completed
ok 7 - test module initialization completed
  ---
  duration_ms: 0.119746
  type: 'test'
  ...
1..7
# tests 7
# suites 0
# pass 7
# fail 0
# cancelled 0
# skipped 0
# todo 0
# duration_ms 99.537127
[node-tests] ok: tests/runtime/command-executor-cancellation.test.js
TAP version 13
# shader-cache-scopes.test: ok (10 source owners)
# Subtest: test module initialization completed
ok 1 - test module initialization completed
  ---
  duration_ms: 1.194328
  type: 'test'
  ...
1..1
# tests 1
# suites 0
# pass 1
# fail 0
# cancelled 0
# skipped 0
# todo 0
# duration_ms 982.636905
[node-tests] ok: tests/tooling/shader-cache-scopes.test.js
TAP version 13
# host-teacher-qualification.test: ok
# Subtest: test module initialization completed
ok 1 - test module initialization completed
  ---
  duration_ms: 1.123756
  type: 'test'
  ...
1..1
# tests 1
# suites 0
# pass 1
# fail 0
# cancelled 0
# skipped 0
# todo 0
# duration_ms 3745.629784
[node-tests] ok: tests/training/host-teacher-qualification.test.js
TAP version 13
# Subtest: retained teacher labels reproduce the historical training dataset
ok 1 - retained teacher labels reproduce the historical training dataset # SKIP Local evidence unavailable: reports/training/teacher-qualification/doppler-js-wgsl-2026-07-11-v4
  ---
  duration_ms: 0.942004
  type: 'test'
  ...
# student-code-experiment.test: ok
# Subtest: synthetic teacher receipts enforce admission, balancing and provenance
ok 2 - synthetic teacher receipts enforce admission, balancing and provenance
  ---
  duration_ms: 32373.796522
  type: 'test'
  ...
# Subtest: test module initialization completed
ok 3 - test module initialization completed
  ---
  duration_ms: 0.521011
  type: 'test'
  ...
1..3
# tests 3
# suites 0
# pass 2
# fail 0
# cancelled 0
# skipped 1
# todo 0
# duration_ms 45459.04552
[node-tests] ok: tests/training/student-code-experiment.test.js
[node-tests] ok: 8 files
