package import smoke passed (29 exports + browser condition)
Installed standalone Node provider smoke passed (synthetic; Doe absent).
package training API smoke passed
package CLI smoke passed (doppler)
package CLI smoke passed (doppler-gpu)
package CLI smoke passed (doppler-serve)
installed Electron Capsule contract passed (synthetic device/program, no repository imports)
Installed Capsule HTTP/direct parity passed (synthetic).
Installed Capsule embedding smoke passed (synthetic; no physical qualification).
Package evidence retained: /dev/shm/doppler-runtime-coherence/candidate-final
Error: /usr/bin/node generation-smoke.js failed:
file:///dev/shm/doppler-runtime-coherence/candidate-final/consumer/node_modules/doppler-gpu/src/client/runtime/command-executor.js:39
      throw Object.assign(new Error('Command execution GPU device lost or replaced.', { cause }), {
                          ^

Error: Command execution GPU device lost or replaced.
    at assertExecutable (file:///dev/shm/doppler-runtime-coherence/candidate-final/consumer/node_modules/doppler-gpu/src/client/runtime/command-executor.js:39:27)
    at Object.executePhase (file:///dev/shm/doppler-runtime-coherence/candidate-final/consumer/node_modules/doppler-gpu/src/client/runtime/command-executor.js:150:9)
    ... 6 lines matching cause stack trace ...
    at async file:///dev/shm/doppler-runtime-coherence/candidate-final/consumer/generation-smoke.js:35:20 {
  code: 'COMMAND_DEVICE_LOST',
  submission: 'not-submitted',
  [cause]: Error: GPU device replaced.
      at assertExecutable (file:///dev/shm/doppler-runtime-coherence/candidate-final/consumer/node_modules/doppler-gpu/src/client/runtime/command-executor.js:36:58)
      at Object.executePhase (file:///dev/shm/doppler-runtime-coherence/candidate-final/consumer/node_modules/doppler-gpu/src/client/runtime/command-executor.js:150:9)
      at Object.generateTokens (file:///dev/shm/doppler-runtime-coherence/candidate-final/consumer/node_modules/doppler-gpu/src/client/runtime/session-controller.js:56:47)
      at generateTokens.next (<anonymous>)
      at Object.generate (file:///dev/shm/doppler-runtime-coherence/candidate-final/consumer/node_modules/doppler-gpu/src/client/runtime/composition-root.js:252:47)
      at async Object.execute (file:///dev/shm/doppler-runtime-coherence/candidate-final/consumer/node_modules/doppler-gpu/src/client/runtime/capsule-operation-adapters.js:26:26)
      at async file:///dev/shm/doppler-runtime-coherence/candidate-final/consumer/node_modules/doppler-gpu/src/client/runtime/capsule-operation-executor.js:63:24
      at async file:///dev/shm/doppler-runtime-coherence/candidate-final/consumer/node_modules/doppler-gpu/src/client/runtime/capsule-session-execution.js:61:26
      at async file:///dev/shm/doppler-runtime-coherence/candidate-final/consumer/generation-smoke.js:35:20
}

Node.js v22.22.1

    at run (file:///home/x/deco/worktrees/doppler-runtime-contract-coherence/tools/check-packed-package.js:25:11)
    at runGenerationCapsuleSmoke (file:///home/x/deco/worktrees/doppler-runtime-contract-coherence/tools/check-packed-package.js:238:24)
    at async main (file:///home/x/deco/worktrees/doppler-runtime-contract-coherence/tools/check-packed-package.js:356:5)
