=== source-types-final (exit 0) ===

> doppler-gpu@0.6.3-dev.split.1 typecheck:source
> tsc -p tsconfig.declarations.json --noEmit && node tools/check-source-types.js

[source-types] 14 strict roots; 1047 explicitly inventoried unchecked implementations; no debt growth

=== types-02 (exit 0) ===

> doppler-gpu@0.6.3-dev.split.1 typecheck:source-runtime
> tsc -p tsconfig.source-runtime.json --noEmit


=== architecture-final (exit 0) ===

> doppler-gpu@0.6.3-dev.split.1 source:architecture:check
> node tools/check-source-architecture.js

source architecture check passed: 21 owners, 2799 files, 0 governed oversize files, 54 reviewed soft-limit files, 25 reviewed generic modules (6 semantic owners, 19 facades, 0 legacy debt)

=== style-final (exit 0) ===

> doppler-gpu@0.6.3-dev.split.1 source:style:check
> node tools/check-source-style.js

[source:style:check] 1060 governed JavaScript modules have sibling declarations, 227 reviewed numeric candidate(s), no runtime tensor compute, implementation annotations limited to checked strict roots, no undeclared raw console calls, and no banned geometry inference

=== boundaries (exit 0) ===

> doppler-gpu@0.6.3-dev.split.1 inference:boundaries:check
> node tools/check-inference-boundaries.js

inference boundary check passed
- INV-ATTN-003: no getRuntimeConfig() calls under attention/

=== catscan (exit 0) ===

> doppler-gpu@0.6.3-dev.split.1 catscan:check
> node tools/sync-catscan-index.js --check

catscan: current docs/component-index.md (30 components)

=== config (exit 0) ===

> doppler-gpu@0.6.3-dev.split.1 config:single-source:check
> node tools/check-config-single-source.js && node tools/sync-generation-contract.js --check

[config:single-source:check] config contract single-source checks passed
Generation declarations match the public definition.

=== goals (exit 0) ===

> doppler-gpu@0.6.3-dev.split.1 goals:check
> node tools/check-goal-completion.js

goal-completion: matrix ok (4 goals, 43 rows)

=== npm run test:unit (exit 1 before type import repair) ===
Full transcript: unit-suite-initial.log.gz
[node-tests] fail: tests/tooling/capsule-http-declarations.test.js
# [node-tests] failed failed: exit 7
[node-tests] failed 1/871
Only failing file rerun after RouterWeights import repair: exit 0; see consumer-declarations-rerun.log.
Full suite was not rerun after that one-line declaration repair.
