TAP version 13
# catscan-contract.test: ok
# Subtest: test module initialization completed
ok 1 - test module initialization completed
  ---
  duration_ms: 1.434796
  type: 'test'
  ...
1..1
# tests 1
# suites 0
# pass 1
# fail 0
# cancelled 0
# skipped 0
# todo 0
# duration_ms 211.923252
[node-tests] ok: tests/config/catscan-contract.test.js
TAP version 13
# registry-instances.test: isolated snapshots, full immutability, companion validators, plan binding passed
# Subtest: test module initialization completed
ok 1 - test module initialization completed
  ---
  duration_ms: 1.590128
  type: 'test'
  ...
1..1
# tests 1
# suites 0
# pass 1
# fail 0
# cancelled 0
# skipped 0
# todo 0
# duration_ms 359.205302
[node-tests] ok: tests/config/registry-instances.test.js
TAP version 13
# pipeline-registry-isolation.test: construction, serialized execution, stream return, cancellation, close and observers passed (contract doubles)
# Subtest: test module initialization completed
ok 1 - test module initialization completed
  ---
  duration_ms: 0.98072
  type: 'test'
  ...
1..1
# tests 1
# suites 0
# pass 1
# fail 0
# cancelled 0
# skipped 0
# todo 0
# duration_ms 316.649739
[node-tests] ok: tests/inference/pipeline-registry-isolation.test.js
TAP version 13
# pipeline-shader-scope.test: ok (contract doubles)
# Subtest: test module initialization completed
ok 1 - test module initialization completed
  ---
  duration_ms: 1.190034
  type: 'test'
  ...
1..1
# tests 1
# suites 0
# pass 1
# fail 0
# cancelled 0
# skipped 0
# todo 0
# duration_ms 197.535459
[node-tests] ok: tests/inference/pipeline-shader-scope.test.js
TAP version 13
# ✔ initial-execution-identity.test.js passed
# initial-execution-identity.test: explicit registry binding passed
# Subtest: test module initialization completed
ok 1 - test module initialization completed
  ---
  duration_ms: 0.661157
  type: 'test'
  ...
1..1
# tests 1
# suites 0
# pass 1
# fail 0
# cancelled 0
# skipped 0
# todo 0
# duration_ms 270.513684
[node-tests] ok: tests/runtime/initial-execution-identity.test.js
[node-tests] ok: 5 files
