TAP version 13
# Warning: maxDynamicUniformBuffersPerPipelineLayout artificially reduced from 500000 to 16 to fit dynamic offset allocation limit.
# Warning: maxDynamicStorageBuffersPerPipelineLayout artificially reduced from 500000 to 16 to fit dynamic offset allocation limit.
# [GPU] amd rdna-3, f16/subgroups, 4.0GB, submit probe: 0.5ms
# gelu-erf-gpu-regression.test: ok (f32/f16, erf/tanh, plain/gated)
# Subtest: test module initialization completed
ok 1 - test module initialization completed
  ---
  duration_ms: 1.270439
  type: 'test'
  ...
1..1
# tests 1
# suites 0
# pass 1
# fail 0
# cancelled 0
# skipped 0
# todo 0
# duration_ms 292.435366
[node-tests] ok: tests/inference/gelu-erf-gpu-regression.test.js
TAP version 13
# Warning: maxDynamicUniformBuffersPerPipelineLayout artificially reduced from 500000 to 16 to fit dynamic offset allocation limit.
# Warning: maxDynamicStorageBuffersPerPipelineLayout artificially reduced from 500000 to 16 to fit dynamic offset allocation limit.
# [GPU] amd rdna-3, f16/subgroups, 4.0GB, submit probe: 0.4ms
# {"test":"activation-executor-lifecycle","passed":true,"adapter":{"vendor":"amd","architecture":"rdna-3","device":"radeon-8060s-graphics-radv-strix-halo-","description":"radv: Mesa 26.0.3-1ubuntu1"},"scope":"operator parity and ownership; not model qualification"}
# Subtest: test module initialization completed
ok 1 - test module initialization completed
  ---
  duration_ms: 0.88839
  type: 'test'
  ...
1..1
# tests 1
# suites 0
# pass 1
# fail 0
# cancelled 0
# skipped 0
# todo 0
# duration_ms 274.778832
[node-tests] ok: tests/kernels/activation-executor-lifecycle.test.js
[node-tests] ok: 2 files
