
> doppler-gpu@0.6.3-dev.split.1 test:demo:contract
> node tools/demo-contract-smoke.js

node:internal/modules/run_main:123
    triggerUncaughtException(
    ^

page.click: Timeout 30000ms exceeded.
Call log:
[2m  - waiting for locator('#precision-replay-toggle')[22m
[2m    - locator resolved to <button type="button" aria-expanded="false" id="precision-replay-toggle" aria-controls="precision-replay-panel" class="btn btn-ghost precision-replay-toggle" title="Expand checked-in precision evidence.">Stored precision replay</button>[22m
[2m  - attempting click action[22m
[2m    2 × waiting for element to be visible, enabled and stable[22m
[2m      - element is not visible[22m
[2m    - retrying click action[22m
[2m    - waiting 20ms[22m
[2m    2 × waiting for element to be visible, enabled and stable[22m
[2m      - element is not visible[22m
[2m    - retrying click action[22m
[2m      - waiting 100ms[22m
[2m    58 × waiting for element to be visible, enabled and stable[22m
[2m       - element is not visible[22m
[2m     - retrying click action[22m
[2m       - waiting 500ms[22m

    at checkDemoControls (/home/x/deco/doppler/tests/demo/browser-controls.js:218:14)
    at async main (/home/x/deco/doppler/tools/demo-contract-smoke.js:203:5)
    at async file:///home/x/deco/doppler/tools/demo-contract-smoke.js:243:1 {
  name: 'TimeoutError'
}

Node.js v22.22.1
