TAP version 13
# registry-instances.test: isolated snapshots, full immutability, companion validators, plan binding passed
# Subtest: test module initialization completed
ok 1 - test module initialization completed
  ---
  duration_ms: 1.864804
  type: 'test'
  ...
1..1
# tests 1
# suites 0
# pass 1
# fail 0
# cancelled 0
# skipped 0
# todo 0
# duration_ms 363.554014
[node-tests] ok: tests/config/registry-instances.test.js
TAP version 13
# conversation.test: ok
# Subtest: test module initialization completed
ok 1 - test module initialization completed
  ---
  duration_ms: 1.003862
  type: 'test'
  ...
1..1
# tests 1
# suites 0
# pass 1
# fail 0
# cancelled 0
# skipped 0
# todo 0
# duration_ms 95.986658
[node-tests] ok: tests/demo/conversation.test.js
TAP version 13
# demo-models.test: ok
# Subtest: test module initialization completed
ok 1 - test module initialization completed
  ---
  duration_ms: 1.222744
  type: 'test'
  ...
1..1
# tests 1
# suites 0
# pass 1
# fail 0
# cancelled 0
# skipped 0
# todo 0
# duration_ms 378.092951
[node-tests] ok: tests/demo/demo-models.test.js
TAP version 13
# demo-ui-controls.test: ok
# Subtest: test module initialization completed
ok 1 - test module initialization completed
  ---
  duration_ms: 0.96583
  type: 'test'
  ...
1..1
# tests 1
# suites 0
# pass 1
# fail 0
# cancelled 0
# skipped 0
# todo 0
# duration_ms 104.408909
[node-tests] ok: tests/demo/demo-ui-controls.test.js
TAP version 13
# input.test: ok
# Subtest: test module initialization completed
ok 1 - test module initialization completed
  ---
  duration_ms: 1.198318
  type: 'test'
  ...
1..1
# tests 1
# suites 0
# pass 1
# fail 0
# cancelled 0
# skipped 0
# todo 0
# duration_ms 377.061799
[node-tests] ok: tests/demo/input.test.js
TAP version 13
# report.test: ok
# Subtest: test module initialization completed
ok 1 - test module initialization completed
  ---
  duration_ms: 1.219207
  type: 'test'
  ...
1..1
# tests 1
# suites 0
# pass 1
# fail 0
# cancelled 0
# skipped 0
# todo 0
# duration_ms 366.754986
[node-tests] ok: tests/demo/report.test.js
TAP version 13
# xray-runtime-notice.test: ok
# Subtest: test module initialization completed
ok 1 - test module initialization completed
  ---
  duration_ms: 0.920404
  type: 'test'
  ...
1..1
# tests 1
# suites 0
# pass 1
# fail 0
# cancelled 0
# skipped 0
# todo 0
# duration_ms 95.649523
[node-tests] ok: tests/demo/xray-runtime-notice.test.js
TAP version 13
# matmul-config-immutability: specialized dispatch retains immutable generated uniform contract
# Subtest: test module initialization completed
ok 1 - test module initialization completed
  ---
  duration_ms: 1.341027
  type: 'test'
  ...
1..1
# tests 1
# suites 0
# pass 1
# fail 0
# cancelled 0
# skipped 0
# todo 0
# duration_ms 209.326947
[node-tests] ok: tests/gpu/matmul-config-immutability.test.js
TAP version 13
# [235.9ms][Pipeline] KV cache allocated: kvDtype=f32, maxSeqLen=16, layout=contiguous, modelMaxSeqLen=16, requestedKvDtype=f32, requestedMaxSeqLen=16
# [236.5ms][Pipeline] KV cache allocated: kvDtype=f32, maxSeqLen=16, layout=contiguous, modelMaxSeqLen=16, requestedKvDtype=f32, requestedMaxSeqLen=16
# [236.7ms][Pipeline] KV cache allocated: kvDtype=f32, maxSeqLen=16, layout=contiguous, modelMaxSeqLen=16, requestedKvDtype=f32, requestedMaxSeqLen=16
# [238.0ms][Pipeline] KV cache allocated: kvDtype=f32, maxSeqLen=4, layout=contiguous, modelMaxSeqLen=16, requestedKvDtype=f32, requestedMaxSeqLen=16
# partition-kv-cache: range allocation, model policy, isolation, bounds, subclass identity, and cleanup passed
# Subtest: test module initialization completed
ok 1 - test module initialization completed
  ---
  duration_ms: 1.18317
  type: 'test'
  ...
1..1
# tests 1
# suites 0
# pass 1
# fail 0
# cancelled 0
# skipped 0
# todo 0
# duration_ms 281.112902
[node-tests] ok: tests/inference/partition-kv-cache.test.js
TAP version 13
# pipeline-registry-isolation.test: construction, serialized execution, stream return, cancellation, close and observers passed (contract doubles)
# Subtest: test module initialization completed
ok 1 - test module initialization completed
  ---
  duration_ms: 1.145309
  type: 'test'
  ...
1..1
# tests 1
# suites 0
# pass 1
# fail 0
# cancelled 0
# skipped 0
# todo 0
# duration_ms 310.59626
[node-tests] ok: tests/inference/pipeline-registry-isolation.test.js
TAP version 13
# ✔ initial-execution-identity.test.js passed
# initial-execution-identity.test: explicit registry binding passed
# Subtest: test module initialization completed
ok 1 - test module initialization completed
  ---
  duration_ms: 0.655756
  type: 'test'
  ...
1..1
# tests 1
# suites 0
# pass 1
# fail 0
# cancelled 0
# skipped 0
# todo 0
# duration_ms 283.141665
[node-tests] ok: tests/runtime/initial-execution-identity.test.js
[node-tests] ok: 11 files
