[node-tests] script: source:architecture:check
source architecture check passed: 21 owners, 2805 files, 0 governed oversize files, 54 reviewed soft-limit files, 25 reviewed generic modules (6 semantic owners, 19 facades, 0 legacy debt)
[node-tests] script: source:style:check
[source:style:check] 1063 governed JavaScript modules have sibling declarations, 227 reviewed numeric candidate(s), no runtime tensor compute, implementation annotations limited to checked strict roots, no undeclared raw console calls, and no banned geometry inference
[node-tests] script: source:dependencies:check
file:///home/x/deco/doppler/tools/report-source-dependencies.js:68
    throw new Error('Dependency views are stale. Run node tools/report-source-dependencies.js --write.');
          ^

Error: Dependency views are stale. Run node tools/report-source-dependencies.js --write.
    at file:///home/x/deco/doppler/tools/report-source-dependencies.js:68:11

Node.js v22.22.1
[node-tests] source:dependencies:check failed: exit 1
[node-tests] script: catscan:check
catscan: current docs/component-index.md (30 components)
[node-tests] script: config:single-source:check
[config:single-source:check] config contract single-source checks passed
Generation declarations match the public definition.
[node-tests] script: rules:bundle:check
rule bundle: current (56 source files)
[node-tests] script: kernels:uniforms:check
[kernels:uniforms] 355 variants, 296 WGSL modules, 132 shared layouts; checked.
[node-tests] script: kernels:codegen:check
[wgsl:check] variants=42 changed=0 unchanged=42
[node-tests] script: kernels:digests:check
[kernels:digests:check] kernel-ref-digests.js is up to date
[node-tests] script: runtime:closure:check
Capsule runtime closure passed: 71 files, 780494 source bytes.
[node-tests] script: package:closure:check
package source closure check passed (931 runtime JS, 471 declarations, 464 resources)
[node-tests] script: exports:parity:check
[exports-parity:check] 1063 JavaScript modules have declarations; paired named exports agree
[node-tests] script: api:docs:check
[api-docs] up to date (docs/api/reference/exports.md)
[node-tests] script: demo:shell:check
file:///home/x/deco/doppler/tools/generate-demo-shell-manifest.js:212
    throw new Error(`Demo shell module budget exceeded: ${moduleCount} > ${MAX_MODULES}`);
          ^

Error: Demo shell module budget exceeded: 701 > 700
    at main (file:///home/x/deco/doppler/tools/generate-demo-shell-manifest.js:212:11)
    at async file:///home/x/deco/doppler/tools/generate-demo-shell-manifest.js:245:1

Node.js v22.22.1
[node-tests] demo:shell:check failed: exit 1
[node-tests] script: demo:reachability:check
demo reachability: 18 live modules, no duplicate implementation
[node-tests] 2 independent script checks failed: [node-tests] source:dependencies:check failed: exit 1; [node-tests] demo:shell:check failed: exit 1
