TAP version 13
# kernel-binding-contract.test: named roles, moved/optional resources, resolver agreement passed
# Subtest: test module initialization completed
ok 1 - test module initialization completed
  ---
  duration_ms: 1.40681
  type: 'test'
  ...
1..1
# tests 1
# suites 0
# pass 1
# fail 0
# cancelled 0
# skipped 0
# todo 0
# duration_ms 175.152795
[node-tests] ok: tests/gpu/kernel-binding-contract.test.js
TAP version 13
# kernel-uniform-writers.test: 343 variants, 2894 fields passed
# Subtest: test module initialization completed
ok 1 - test module initialization completed
  ---
  duration_ms: 1.236388
  type: 'test'
  ...
1..1
# tests 1
# suites 0
# pass 1
# fail 0
# cancelled 0
# skipped 0
# todo 0
# duration_ms 537.037941
[node-tests] ok: tests/gpu/kernel-uniform-writers.test.js
TAP version 13
# unified-wrapper-cleanup.test: ok
# Subtest: test module initialization completed
ok 1 - test module initialization completed
  ---
  duration_ms: 1.043665
  type: 'test'
  ...
1..1
# tests 1
# suites 0
# pass 1
# fail 0
# cancelled 0
# skipped 0
# todo 0
# duration_ms 150.131876
[node-tests] ok: tests/gpu/unified-wrapper-cleanup.test.js
[node-tests] ok: 3 files
