[node-tests] script: kernels:check
[kernels:check] codegen
[wgsl:check] variants=42 changed=0 unchanged=42
[kernels:check] registry
[kernels:registry:check] registry.json reachability is up to date (350 variants)
[kernels:check] digests
[kernels:digests:check] kernel-ref-digests.js is up to date
[kernels:check] language-contract
kernel-language-contract.test: 350 variants, 284 modules agree
[kernels:check] all checks passed
[node-tests] script: source:style:check
[source:style:check] 999 governed JavaScript modules have sibling declarations, 204 reviewed numeric candidate(s), no runtime tensor compute, no implementation JSDoc, no undeclared raw console calls, and no banned geometry inference
[node-tests] script: source:architecture:check
source architecture check passed: 21 owners, 2669 files, 0 governed oversize files, 52 reviewed soft-limit files, 25 reviewed generic modules (6 semantic owners, 19 facades, 0 legacy debt)
[node-tests] script: typecheck:source
[node-tests] script: program-bundle:schema:check
file:///home/x/deco/worktrees/doppler-runtime-contract-coherence/tools/generate-program-bundle-schema.js:16
    throw new Error(`Program Bundle schema artifact is stale: ${outputPath}`);
          ^

Error: Program Bundle schema artifact is stale: /home/x/deco/worktrees/doppler-runtime-contract-coherence/src/config/schema/program-bundle.schema.json
    at file:///home/x/deco/worktrees/doppler-runtime-contract-coherence/tools/generate-program-bundle-schema.js:16:11

Node.js v22.22.1
[node-tests] program-bundle:schema:check failed: exit 1
