TAP version 13
# ✔ semantic-manifest-lowering.test.js passed
# Subtest: test module initialization completed
ok 1 - test module initialization completed
  ---
  duration_ms: 1.129239
  type: 'test'
  ...
1..1
# tests 1
# suites 0
# pass 1
# fail 0
# cancelled 0
# skipped 0
# todo 0
# duration_ms 239.402287
[node-tests] ok: tests/converter/semantic-manifest-lowering.test.js
TAP version 13
# doppler-bundle-cli: ok
# Subtest: test module initialization completed
ok 1 - test module initialization completed
  ---
  duration_ms: 1.163273
  type: 'test'
  ...
1..1
# tests 1
# suites 0
# pass 1
# fail 0
# cancelled 0
# skipped 0
# todo 0
# duration_ms 2217.497488
[node-tests] ok: tests/integration/doppler-bundle-cli.test.js
[node-tests] ok: 2 files
